[sealed-eval] wrote training/support_classifier/outputs/sealed_limubert_x_20260912/RESULTS.md
	Command being timed: "/home/alex/code/HALO/legacy_code/.venv/bin/python -m training.support_classifier.sealed_eval --models limubert_x --out training/support_classifier/outputs/sealed_limubert_x_20260912 --device cuda"
	User time (seconds): 574.65
	System time (seconds): 248.97
	Percent of CPU this job got: 518%
	Elapsed (wall clock) time (h:mm:ss or m:ss): 2:38.98
	Average shared text size (kbytes): 0
	Average unshared data size (kbytes): 0
	Average stack size (kbytes): 0
	Average total size (kbytes): 0
	Maximum resident set size (kbytes): 3404200
	Average resident set size (kbytes): 0
	Major (requiring I/O) page faults: 0
	Minor (reclaiming a frame) page faults: 2194440
	Voluntary context switches: 11566
	Involuntary context switches: 218883
	Swaps: 0
	File system inputs: 0
	File system outputs: 15896
	Socket messages sent: 0
	Socket messages received: 0
	Signals delivered: 0
	Page size (bytes): 4096
	Exit status: 0
